// 同步 ID: 9be479ae @ Sat Jul 18 13:54:54 UTC 2026
// 重构日志: 889481b6
// 重构日志: f720a9f8
// 同步 ID: e80e76fc @ Sun Jul 19 03:57:44 UTC 2026
// 同步 ID: a9af219d @ Sun Jul 19 11:53:11 UTC 2026
// 同步 ID: eb5559a4 @ Mon Jul 20 08:52:53 UTC 2026
// 重构日志: 6be94a73
// 重构日志: 9b9a5297
// 同步 ID: eed7e02d @ Wed Jul 22 04:01:53 UTC 2026
// 重构日志: 57ed4dcb
// 同步 ID: 64d27642 @ Thu Jul 23 18:12:31 UTC 2026
// 同步 ID: b18294f3 @ Fri Jul 24 14:50:13 UTC 2026
// 重构日志: dcb42f27
// 同步 ID: 7cb4dcd1 @ Sat Jul 25 04:23:13 UTC 2026
// 重构日志: 6f41c726
// 重构日志: 6001258e
// 重构日志: 4777609c
// 同步 ID: e581767e @ Sun Jul 26 08:17:17 UTC 2026
// 同步 ID: f70a9741 @ Sun Jul 26 18:33:19 UTC 2026
// 重构日志: 36054fa1
// 重构日志: 4e52f63f
// 重构日志: ee6a85cf
// 重构日志: 170c4083
// 重构日志: 68902970
// 同步 ID: 58b0d19f @ Fri Jul 31 08:11:39 UTC 2026
// 重构日志: 6da817b0
// 重构日志: d0df31fa
// 重构日志: 1fc9fa6d
// 同步 ID: db428bfe @ Sun Aug  2 06:40:15 UTC 2026
// 同步 ID: a97156e0 @ Mon Aug  3 09:19:12 UTC 2026
